[www.secure.instagram.com/accounts/login/index.html]
[backblue.gif]
[fade.gif]
[index.html]
[www.secure.instagram.com/static/bundles/metro/ConsumerUICommons.css/706102f0d2c1.css]
[www.secure.instagram.com/static/bundles/metro/Consumer.css/c56080a22250.css]
[www.secure.instagram.com/static/bundles/metro/FBSignupPage.css/55ba8f05e763.css]
[www.secure.instagram.com/static/bundles/metro/LoginAndSignupPage.css/3ce984c47339.css]
[www.secure.instagram.com/static/bundles/metro/Vendor.js/1ab08297cf9d.js]
[www.secure.instagram.com/static/bundles/metro/fr_FR.js/fbf2d1c5853f.js]
[www.secure.instagram.com/static/bundles/metro/ConsumerLibCommons.js/ab38f13faa4c.js]
[www.secure.instagram.com/static/bundles/metro/ConsumerUICommons.js/f25c2bb588a3.js]
[www.secure.instagram.com/static/bundles/metro/ConsumerAsyncCommons.js/c4ca4238a0b9.js]
[www.secure.instagram.com/static/bundles/metro/Consumer.js/66256c6915ac.js]
[www.secure.instagram.com/static/bundles/metro/FBSignupPage.js/83f4ec74822e.js]
[www.secure.instagram.com/static/bundles/metro/LoginAndSignupPage.js/8a18fdb914a0.js]
[www.secure.instagram.com/static/bundles/metro/FeedPageContainer.js/898fc6071b3c.js]
[www.secure.instagram.com/static/bundles/metro/FeedPageContainer.css/b9fabb53bf36.css]
[www.secure.instagram.com/static/images/ico/apple-touch-icon-76x76-precomposed.png/666282be8229.png]
[www.secure.instagram.com/static/images/ico/apple-touch-icon-120x120-precomposed.png/8a5bd3f267b1.png]
[www.secure.instagram.com/static/images/ico/apple-touch-icon-152x152-precomposed.png/68193576ffc5.png]
[www.secure.instagram.com/static/images/ico/apple-touch-icon-167x167-precomposed.png/4985e31c9100.png]
[www.secure.instagram.com/static/images/ico/apple-touch-icon-180x180-precomposed.png/c06fdb2357bd.png]
[www.secure.instagram.com/static/images/ico/favicon-192.png/68d99ba29cc8.png]
[www.secure.instagram.com/static/bundles/metro/Polyfills.js/3acdc39d5594.js]
[www.secure.instagram.com/accounts/login/indexfef7.html]
[www.secure.instagram.com/accounts/login/index.html]
[www.secure.instagram.com/static/bundles/metro/sprite_wellbeing_6af9c5060ebc.png/6af9c5060ebc.png]
[www.secure.instagram.com/accounts/login/index7d7c.html]
[www.secure.instagram.com/static/bundles/metro/sprite_wellbeing_2x_c0241d394c59.png/c0241d394c59.png]
[www.secure.instagram.com/accounts/login/indexa209.html]
[www.secure.instagram.com/accounts/login/index0016.html]
[www.secure.instagram.com/static/bundles/metro/sprite_stories_ce36b733f814.png/ce36b733f814.png]
[www.secure.instagram.com/accounts/login/indexde3a.html]
[www.secure.instagram.com/static/bundles/metro/sprite_stories_2x_5b2f74f4bf86.png/5b2f74f4bf86.png]
[www.secure.instagram.com/static/bundles/metro/sprite_nametag_ff60b6c57870.png/ff60b6c57870.png]
[www.secure.instagram.com/accounts/login/index0b8e.html]
[www.secure.instagram.com/static/bundles/metro/sprite_nametag_2x_69c195e9ff3c.png/69c195e9ff3c.png]
[www.secure.instagram.com/static/bundles/metro/sprite_mediatypes_65c15d7731ea.png/65c15d7731ea.png]
[www.secure.instagram.com/static/bundles/metro/sprite_mediatypes_2x_3be21f338c88.png/3be21f338c88.png]
[www.secure.instagram.com/static/bundles/metro/sprite_loggedout_a8b779d42a06.png/a8b779d42a06.png]
[www.secure.instagram.com/accounts/login/indexf854.html]
[www.secure.instagram.com/static/bundles/metro/sprite_loggedout_2x_f312a9d8c529.png/f312a9d8c529.png]
[www.secure.instagram.com/static/bundles/metro/sprite_glyphs_41972edb0a7c.png/41972edb0a7c.png]
[www.secure.instagram.com/static/bundles/metro/sprite_debuginfo_04482f505972.png/04482f505972.png]
[www.secure.instagram.com/static/bundles/metro/sprite_glyphs_2x_2930429694e0.png/2930429694e0.png]
[www.secure.instagram.com/static/bundles/metro/sprite_debuginfo_2x_24b85a13663c.png/24b85a13663c.png]
[www.secure.instagram.com/accounts/login/index9e29.html]
[www.secure.instagram.com/static/bundles/metro/sprite_core_32f0a4f27407.png/32f0a4f27407.png]
[www.secure.instagram.com/static/bundles/metro/ConsumerUICommons.css/706102f0d2c1.css]
[www.secure.instagram.com/static/bundles/metro/sprite_core_2x_bcd90c1d4868.png/bcd90c1d4868.png]
[www.secure.instagram.com/static/bundles/metro/sprite_video_2fdc79aa66b0.png/2fdc79aa66b0.png]
[www.secure.instagram.com/accounts/login/index232e.html]
[www.secure.instagram.com/static/bundles/metro/sprite_video_2x_4ca1223795d3.png/4ca1223795d3.png]
[www.secure.instagram.com/accounts/login/index28b7.html]
[www.secure.instagram.com/static/images/rainbowGradient.png/558818d23695.png]
[www.secure.instagram.com/static/images/homepage/phones/home-phones.png/1dc085cdb87d.png]
[www.secure.instagram.com/static/images/homepage/phones/home-phones-2x.png/cbc7174b4f05.png]
[www.secure.instagram.com/accounts/login/index6dd3.html]
[www.secure.instagram.com/static/bundles/metro/sprite_payments_70cdf3ed970e.png/70cdf3ed970e.png]
[www.secure.instagram.com/static/bundles/metro/Consumer.css/c56080a22250.css]
[www.secure.instagram.com/static/bundles/metro/FBSignupPage.css/55ba8f05e763.css]
[www.secure.instagram.com/static/bundles/metro/LoginAndSignupPage.css/3ce984c47339.css]
[www.secure.instagram.com/static/bundles/metro/sprite_payments_2x_b54ac2e84c57.png/b54ac2e84c57.png]
[www.secure.instagram.com/accounts/login/indexc581.html]
[www.secure.instagram.com/accounts/login/index539c.html]
[www.secure.instagram.com/accounts/login/indexecc8.html]
[www.secure.instagram.com/accounts/login/indexaaeb.html]
[www.secure.instagram.com/static/bundles/metro/FeedPageContainer.css/b9fabb53bf36.css]
[www.secure.instagram.com/accounts/login/indexdc29.html]
[www.secure.instagram.com/accounts/login/GET.html]
[www.secure.instagram.com/accounts/login/index014b.html]
[www.secure.instagram.com/accounts/login/indexc91a.html]
[www.secure.instagram.com/accounts/login/index0cf2.html]
[www.secure.instagram.com/accounts/login/index7c40.html]
[www.secure.instagram.com/accounts/login/indexfef7.html]
[www.secure.instagram.com/static/bundles/metro/en_US.js/bb93aebec6df.js]
[www.secure.instagram.com/accounts/login/index4017.html]
[www.secure.instagram.com/accounts/login/index5a9d.html]
[www.secure.instagram.com/accounts/login/index7d7c.html]
[www.secure.instagram.com/accounts/login/indexb2db.html]
[www.secure.instagram.com/accounts/login/index9201.html]
[www.secure.instagram.com/accounts/login/index1672.html]
[www.secure.instagram.com/static/bundles/metro/shimmer-dark_da4ad644f34a.gif/da4ad644f34a.gif]
[www.secure.instagram.com/accounts/login/indexa209.html]
[www.secure.instagram.com/accounts/login/index5083.html]
[www.secure.instagram.com/accounts/login/index7a92.html]
[www.secure.instagram.com/static/bundles/metro/it_IT.js/69d50c4b2ac5.js]
[www.secure.instagram.com/accounts/login/indexc13b.html]
[www.secure.instagram.com/accounts/login/index0016.html]
[www.secure.instagram.com/accounts/login/index9e3e.html]
[www.secure.instagram.com/accounts/login/indexd294.html]
[www.secure.instagram.com/static/bundles/metro/de_DE.js/703eb4de5034.js]
[www.secure.instagram.com/accounts/login/index9841.html]
[www.secure.instagram.com/accounts/login/index0f5d.html]
[www.secure.instagram.com/accounts/login/indexde3a.html]
[www.secure.instagram.com/static/bundles/metro/es_LA.js/d9fa53bc31d7.js]
[www.secure.instagram.com/accounts/login/indexad0b.html]
[www.secure.instagram.com/accounts/login/index0b8e.html]
[www.secure.instagram.com/accounts/login/index5303.html]
[www.secure.instagram.com/accounts/login/indexdb1e.html]
[www.secure.instagram.com/static/bundles/metro/zh_CN.js/8f2a3b7c8597.js]
[www.secure.instagram.com/accounts/login/indexe9b2.html]
[www.secure.instagram.com/accounts/login/indexf854.html]
[www.secure.instagram.com/accounts/login/indexff11.html]
[www.secure.instagram.com/accounts/login/index882e.html]
[www.secure.instagram.com/accounts/login/indexf857.html]
[www.secure.instagram.com/static/bundles/metro/zh_TW.js/ff6fee6c672a.js]
[www.secure.instagram.com/accounts/login/index9e29.html]
[www.secure.instagram.com/accounts/login/index327f.html]
[www.secure.instagram.com/accounts/login/index6c7f.html]
[www.secure.instagram.com/accounts/login/index3a7e.html]
[www.secure.instagram.com/static/bundles/metro/ja_JP.js/4fbe05c51413.js]
[www.secure.instagram.com/accounts/login/index030f.html]
[www.secure.instagram.com/accounts/login/index232e.html]
[www.secure.instagram.com/accounts/login/indexb058.html]
[www.secure.instagram.com/accounts/login/index9d29.html]
[www.secure.instagram.com/accounts/login/index0fe5.html]
[www.secure.instagram.com/static/bundles/metro/ko_KR.js/cd92fd8a3c86.js]
[www.secure.instagram.com/accounts/login/index28b7.html]
[www.secure.instagram.com/accounts/login/index2a81.html]
[www.secure.instagram.com/accounts/login/index6dd3.html]
[www.secure.instagram.com/accounts/login/indexc4e8.html]
[www.secure.instagram.com/static/bundles/metro/pt_BR.js/6208df897e1e.js]
[www.secure.instagram.com/accounts/login/index241a.html]
[www.secure.instagram.com/accounts/login/index53ad.html]
[www.secure.instagram.com/accounts/login/indexc581.html]
[www.secure.instagram.com/accounts/login/index9d00.html]
[www.secure.instagram.com/accounts/login/indexfafd.html]
[www.secure.instagram.com/accounts/login/indexf4a3.html]
[www.secure.instagram.com/static/bundles/metro/af_ZA.js/40ec26197ab7.js]
[www.secure.instagram.com/accounts/login/index514d.html]
[www.secure.instagram.com/accounts/login/index539c.html]
[www.secure.instagram.com/static/bundles/metro/cs_CZ.js/37a53ee08744.js]
[www.secure.instagram.com/accounts/login/indexe660.html]
[www.secure.instagram.com/accounts/login/indexecc8.html]
[www.secure.instagram.com/static/bundles/metro/da_DK.js/abea5a4c5823.js]
[www.secure.instagram.com/accounts/login/indexaaeb.html]
[www.secure.instagram.com/static/bundles/metro/el_GR.js/47a237aacc6c.js]
[www.secure.instagram.com/accounts/login/indexdc29.html]
[www.secure.instagram.com/static/bundles/metro/fi_FI.js/1543f57dd268.js]
[www.secure.instagram.com/accounts/login/index014b.html]
[www.secure.instagram.com/static/bundles/metro/hr_HR.js/fa391a45412a.js]
[www.secure.instagram.com/accounts/login/indexc91a.html]
[www.secure.instagram.com/static/bundles/metro/hu_HU.js/16012161653e.js]
[www.secure.instagram.com/accounts/login/index0cf2.html]
[www.secure.instagram.com/static/bundles/metro/id_ID.js/0ad0b0a5c057.js]
[www.secure.instagram.com/accounts/login/index7c40.html]
[www.secure.instagram.com/static/bundles/metro/ms_MY.js/9e752e0e7dc3.js]
[www.secure.instagram.com/accounts/login/index4017.html]
[www.secure.instagram.com/static/bundles/metro/nb_NO.js/1843ef7cb13d.js]
[www.secure.instagram.com/accounts/login/index5a9d.html]
[www.secure.instagram.com/static/bundles/metro/nl_NL.js/3d1b6439bd55.js]
[www.secure.instagram.com/accounts/login/indexb2db.html]
[www.secure.instagram.com/static/bundles/metro/pl_PL.js/857f8e407450.js]
[www.secure.instagram.com/accounts/login/index9201.html]
[www.secure.instagram.com/static/bundles/metro/ru_RU.js/fc93da3f13e9.js]
[www.secure.instagram.com/accounts/login/index1672.html]
[www.secure.instagram.com/static/bundles/metro/sk_SK.js/a6d105495f7b.js]
[www.secure.instagram.com/accounts/login/index5083.html]
[www.secure.instagram.com/static/bundles/metro/sv_SE.js/4d874c462bcc.js]
[www.secure.instagram.com/accounts/login/index7a92.html]
[www.secure.instagram.com/static/bundles/metro/th_TH.js/36d3a6429316.js]
[www.secure.instagram.com/accounts/login/indexc13b.html]
[www.secure.instagram.com/static/bundles/metro/tl_PH.js/2306939bea08.js]
[www.secure.instagram.com/accounts/login/index9e3e.html]
[www.secure.instagram.com/static/bundles/metro/tr_TR.js/e1785f907500.js]
[www.secure.instagram.com/accounts/login/index9841.html]
[www.secure.instagram.com/static/bundles/metro/hi_IN.js/3b0d08ced8a0.js]
[www.secure.instagram.com/accounts/login/indexd294.html]
[www.secure.instagram.com/static/bundles/metro/bn_IN.js/c8be68838ab3.js]
[www.secure.instagram.com/accounts/login/index0f5d.html]
[www.secure.instagram.com/static/bundles/metro/gu_IN.js/7f8f9fe59e2e.js]
[www.secure.instagram.com/accounts/login/indexad0b.html]
[www.secure.instagram.com/static/bundles/metro/kn_IN.js/f75ea8852deb.js]
[www.secure.instagram.com/accounts/login/index5303.html]
[www.secure.instagram.com/static/bundles/metro/ml_IN.js/87ff22912092.js]
[www.secure.instagram.com/accounts/login/indexdb1e.html]
[www.secure.instagram.com/static/bundles/metro/mr_IN.js/01a5360aaffb.js]
[www.secure.instagram.com/accounts/login/indexe9b2.html]
[www.secure.instagram.com/static/bundles/metro/pa_IN.js/b3622ab68207.js]
[www.secure.instagram.com/accounts/login/indexff11.html]
[www.secure.instagram.com/static/bundles/metro/ta_IN.js/07fd40f78e91.js]
[www.secure.instagram.com/accounts/login/indexf857.html]
[www.secure.instagram.com/static/bundles/metro/te_IN.js/84dcd6ae5340.js]
[www.secure.instagram.com/accounts/login/index882e.html]
[www.secure.instagram.com/static/bundles/metro/ne_NP.js/842c922ed764.js]
[www.secure.instagram.com/accounts/login/index6c7f.html]
[www.secure.instagram.com/static/bundles/metro/si_LK.js/7bdf5cd5fbb8.js]
[www.secure.instagram.com/accounts/login/index327f.html]
[www.secure.instagram.com/static/bundles/metro/vi_VN.js/141ffe78fd42.js]
[www.secure.instagram.com/accounts/login/index3a7e.html]
[www.secure.instagram.com/static/bundles/metro/bg_BG.js/ec12a0490a29.js]
[www.secure.instagram.com/accounts/login/index030f.html]
[www.secure.instagram.com/static/bundles/metro/fr_CA.js/7aaab9eb5691.js]
[www.secure.instagram.com/accounts/login/indexb058.html]
[www.secure.instagram.com/static/bundles/metro/ro_RO.js/1e0b79c81e3c.js]
[www.secure.instagram.com/accounts/login/index9d29.html]
[www.secure.instagram.com/static/bundles/metro/sr_RS.js/22036cfd9335.js]
[www.secure.instagram.com/accounts/login/index0fe5.html]
[www.secure.instagram.com/static/bundles/metro/uk_UA.js/f251b164f573.js]
[www.secure.instagram.com/accounts/login/index2a81.html]
[www.secure.instagram.com/accounts/login/indexc4e8.html]
[www.secure.instagram.com/accounts/login/index241a.html]
[www.secure.instagram.com/static/bundles/metro/zh_HK.js/3ed6959ccf08.js]
[www.secure.instagram.com/accounts/login/index53ad.html]
[www.secure.instagram.com/accounts/login/index9d00.html]
[www.secure.instagram.com/accounts/login/indexf4a3.html]
[www.secure.instagram.com/accounts/login/indexfafd.html]
[www.secure.instagram.com/accounts/login/index514d.html]
[www.secure.instagram.com/accounts/login/indexe660.html]
[www.secure.instagram.com/accounts/login/POST.html]
[www.secure.instagram.com/static/bundles/metro/en_GB.js/1c9a9c46c4de.js]
